2026-02-23 21:48:00,389 INFO o.a.j.u.JMeterUtils: Setting Locale to en_EN
2026-02-23 21:48:00,407 INFO o.a.j.JMeter: Loading user properties from: /home/debian/apache-jmeter-5.6.3/bin/user.properties
2026-02-23 21:48:00,407 INFO o.a.j.JMeter: Loading system properties from: /home/debian/apache-jmeter-5.6.3/bin/system.properties
2026-02-23 21:48:00,407 INFO o.a.j.JMeter: Setting JMeter property: host=127.0.0.1
2026-02-23 21:48:00,407 INFO o.a.j.JMeter: Setting JMeter property: port=8002
2026-02-23 21:48:00,407 INFO o.a.j.JMeter: Setting JMeter property: threads=50
2026-02-23 21:48:00,407 INFO o.a.j.JMeter: Setting JMeter property: ramp=10
2026-02-23 21:48:00,407 INFO o.a.j.JMeter: Setting JMeter property: duration=60
2026-02-23 21:48:00,416 INFO o.a.j.JMeter: Copyright (c) 1998-2024 The Apache Software Foundation
2026-02-23 21:48:00,417 INFO o.a.j.JMeter: Version 5.6.3
2026-02-23 21:48:00,417 INFO o.a.j.JMeter: java.version=17.0.16
2026-02-23 21:48:00,417 INFO o.a.j.JMeter: java.vm.name=OpenJDK 64-Bit Server VM
2026-02-23 21:48:00,417 INFO o.a.j.JMeter: os.name=Linux
2026-02-23 21:48:00,417 INFO o.a.j.JMeter: os.arch=amd64
2026-02-23 21:48:00,417 INFO o.a.j.JMeter: os.version=6.6.87.2-microsoft-standard-WSL2
2026-02-23 21:48:00,417 INFO o.a.j.JMeter: file.encoding=UTF-8
2026-02-23 21:48:00,417 INFO o.a.j.JMeter: java.awt.headless=true
2026-02-23 21:48:00,417 INFO o.a.j.JMeter: Max memory     =1073741824
2026-02-23 21:48:00,418 INFO o.a.j.JMeter: Available Processors =12
2026-02-23 21:48:00,429 INFO o.a.j.JMeter: Default Locale=English (EN)
2026-02-23 21:48:00,429 INFO o.a.j.JMeter: JMeter  Locale=English (EN)
2026-02-23 21:48:00,429 INFO o.a.j.JMeter: JMeterHome=/home/debian/apache-jmeter-5.6.3
2026-02-23 21:48:00,429 INFO o.a.j.JMeter: user.dir  =/home/debian/misw4401-2026-11-diseño-de-sistemas-iot
2026-02-23 21:48:00,429 INFO o.a.j.JMeter: PWD       =/home/debian/misw4401-2026-11-diseño-de-sistemas-iot
2026-02-23 21:48:00,429 INFO o.a.j.JMeter: IP: 127.0.1.1 Name: DESKTOP-VP5B23G FullName: DESKTOP-VP5B23G.localdomain
2026-02-23 21:48:00,438 INFO o.a.j.JMeter: Setting property 'jmeter.reportgenerator.outputdir' to:'/home/debian/misw4401-2026-11-diseño-de-sistemas-iot/entregas/semana05/jmeter/reporte_ts'
2026-02-23 21:48:00,440 INFO o.a.j.s.FileServer: Default base='/home/debian/misw4401-2026-11-diseño-de-sistemas-iot'
2026-02-23 21:48:00,442 INFO o.a.j.s.FileServer: Set new base='/home/debian/misw4401-2026-11-diseño-de-sistemas-iot-5/jmeter'
2026-02-23 21:48:00,638 INFO o.a.j.s.SaveService: Testplan (JMX) version: 2.2. Testlog (JTL) version: 2.2
2026-02-23 21:48:00,659 INFO o.a.j.s.SaveService: Using SaveService properties version 5.0
2026-02-23 21:48:00,662 INFO o.a.j.s.SaveService: Using SaveService properties file encoding UTF-8
2026-02-23 21:48:00,665 INFO o.a.j.s.SaveService: Loading file: /home/debian/misw4401-2026-11-diseño-de-sistemas-iot-5/jmeter/top-stations.jmx
2026-02-23 21:48:00,712 INFO o.a.j.p.h.s.HTTPSamplerBase: Parser for text/html is org.apache.jmeter.protocol.http.parser.LagartoBasedHtmlParser
2026-02-23 21:48:00,712 INFO o.a.j.p.h.s.HTTPSamplerBase: Parser for application/xhtml+xml is org.apache.jmeter.protocol.http.parser.LagartoBasedHtmlParser
2026-02-23 21:48:00,712 INFO o.a.j.p.h.s.HTTPSamplerBase: Parser for application/xml is org.apache.jmeter.protocol.http.parser.LagartoBasedHtmlParser
2026-02-23 21:48:00,712 INFO o.a.j.p.h.s.HTTPSamplerBase: Parser for text/xml is org.apache.jmeter.protocol.http.parser.LagartoBasedHtmlParser
2026-02-23 21:48:00,712 INFO o.a.j.p.h.s.HTTPSamplerBase: Parser for text/vnd.wap.wml is org.apache.jmeter.protocol.http.parser.RegexpHTMLParser
2026-02-23 21:48:00,712 INFO o.a.j.p.h.s.HTTPSamplerBase: Parser for text/css is org.apache.jmeter.protocol.http.parser.CssParser
2026-02-23 21:48:00,722 INFO o.a.j.JMeter: Creating summariser <summary>
2026-02-23 21:48:00,730 INFO o.a.j.r.d.ReportGenerator: ReportGenerator will use for Parsing the separator: ','
2026-02-23 21:48:00,731 INFO o.a.j.r.d.ReportGenerator: Will generate report at end of test from  results file: /home/debian/misw4401-2026-11-diseño-de-sistemas-iot/entregas/semana05/jmeter/resultados_ts.jtl
2026-02-23 21:48:00,731 INFO o.a.j.r.d.ReportGenerator: Reading report generator properties from: /home/debian/apache-jmeter-5.6.3/bin/reportgenerator.properties
2026-02-23 21:48:00,731 INFO o.a.j.r.d.ReportGenerator: Merging with JMeter properties
2026-02-23 21:48:00,734 INFO o.a.j.r.c.ReportGeneratorConfiguration: Property 'jmeter.reportgenerator.temp_dir' not found, using default value 'temp' instead.
2026-02-23 21:48:00,735 INFO o.a.j.r.c.ReportGeneratorConfiguration: Property 'jmeter.reportgenerator.apdex_per_transaction' not found, using default value 'null' instead.
2026-02-23 21:48:00,735 INFO o.a.j.r.c.ReportGeneratorConfiguration: apdex_per_transaction is empty, not APDEX per transaction customization
2026-02-23 21:48:00,735 INFO o.a.j.r.c.ReportGeneratorConfiguration: Property 'jmeter.reportgenerator.sample_filter' not found, using default value 'null' instead.
2026-02-23 21:48:00,735 INFO o.a.j.r.c.ReportGeneratorConfiguration: Property 'jmeter.reportgenerator.report_title' not found, using default value 'null' instead.
2026-02-23 21:48:00,736 INFO o.a.j.r.c.ReportGeneratorConfiguration: Property 'jmeter.reportgenerator.start_date' not found, using default value 'null' instead.
2026-02-23 21:48:00,736 INFO o.a.j.r.c.ReportGeneratorConfiguration: Property 'jmeter.reportgenerator.end_date' not found, using default value 'null' instead.
2026-02-23 21:48:00,736 INFO o.a.j.r.c.ReportGeneratorConfiguration: Property 'jmeter.reportgenerator.date_format' not found, using default value 'null' instead.
2026-02-23 21:48:00,736 INFO o.a.j.r.c.ReportGeneratorConfiguration: Will use date range start date: null, end date: null
2026-02-23 21:48:00,739 INFO o.a.j.r.c.ReportGeneratorConfiguration: Property 'jmeter.reportgenerator.graph.totalTPS.exclude_controllers' not found, using default value 'false' instead.
2026-02-23 21:48:00,740 INFO o.a.j.r.c.ReportGeneratorConfiguration: Property 'jmeter.reportgenerator.graph.activeThreadsOverTime.exclude_controllers' not found, using default value 'false' instead.
2026-02-23 21:48:00,740 INFO o.a.j.r.c.ReportGeneratorConfiguration: Property 'jmeter.reportgenerator.graph.timeVsThreads.exclude_controllers' not found, using default value 'false' instead.
2026-02-23 21:48:00,741 INFO o.a.j.r.c.ReportGeneratorConfiguration: Property 'jmeter.reportgenerator.graph.responseTimeDistribution.exclude_controllers' not found, using default value 'false' instead.
2026-02-23 21:48:00,741 INFO o.a.j.r.c.ReportGeneratorConfiguration: Property 'jmeter.reportgenerator.graph.transactionsPerSecond.exclude_controllers' not found, using default value 'false' instead.
2026-02-23 21:48:00,741 INFO o.a.j.r.c.ReportGeneratorConfiguration: Property 'jmeter.reportgenerator.graph.responseTimePercentiles.exclude_controllers' not found, using default value 'false' instead.
2026-02-23 21:48:00,741 INFO o.a.j.r.c.ReportGeneratorConfiguration: Property 'jmeter.reportgenerator.graph.responseTimePercentilesOverTime.exclude_controllers' not found, using default value 'false' instead.
2026-02-23 21:48:00,741 INFO o.a.j.r.c.ReportGeneratorConfiguration: Property 'jmeter.reportgenerator.graph.responseTimesOverTime.exclude_controllers' not found, using default value 'false' instead.
2026-02-23 21:48:00,741 INFO o.a.j.r.c.ReportGeneratorConfiguration: Property 'jmeter.reportgenerator.graph.connectTimeOverTime.exclude_controllers' not found, using default value 'false' instead.
2026-02-23 21:48:00,741 INFO o.a.j.r.c.ReportGeneratorConfiguration: Property 'jmeter.reportgenerator.graph.latenciesOverTime.exclude_controllers' not found, using default value 'false' instead.
2026-02-23 21:48:00,743 INFO o.a.j.r.c.ReportGeneratorConfiguration: Property 'jmeter.reportgenerator.exporter.json.filters_only_sample_series' not found, using default value 'true' instead.
2026-02-23 21:48:00,743 INFO o.a.j.r.c.ReportGeneratorConfiguration: Property 'jmeter.reportgenerator.exporter.json.series_filter' not found, using default value '' instead.
2026-02-23 21:48:00,743 INFO o.a.j.r.c.ReportGeneratorConfiguration: Property 'jmeter.reportgenerator.exporter.json.show_controllers_only' not found, using default value 'false' instead.
2026-02-23 21:48:00,743 INFO o.a.j.r.c.ReportGeneratorConfiguration: Property 'jmeter.reportgenerator.exporter.html.filters_only_sample_series' not found, using default value 'true' instead.
2026-02-23 21:48:00,743 INFO o.a.j.r.c.ReportGeneratorConfiguration: Property 'jmeter.reportgenerator.exporter.html.series_filter' not found, using default value '' instead.
2026-02-23 21:48:00,743 INFO o.a.j.r.c.ReportGeneratorConfiguration: Property 'jmeter.reportgenerator.exporter.html.show_controllers_only' not found, using default value 'false' instead.
2026-02-23 21:48:00,754 INFO o.a.j.e.StandardJMeterEngine: Running the test!
2026-02-23 21:48:00,754 INFO o.a.j.s.SampleEvent: List of sample_variables: []
2026-02-23 21:48:00,754 INFO o.a.j.s.SampleEvent: List of sample_variables: []
2026-02-23 21:48:00,757 INFO o.a.j.e.u.CompoundVariable: Note: Function class names must contain the string: '.functions.'
2026-02-23 21:48:00,757 INFO o.a.j.e.u.CompoundVariable: Note: Function class names must not contain the string: '.gui.'
2026-02-23 21:48:00,816 INFO o.a.j.JMeter: Running test (1771901280816)
2026-02-23 21:48:00,832 INFO o.a.j.e.StandardJMeterEngine: Starting ThreadGroup: 1 : Load
2026-02-23 21:48:00,832 INFO o.a.j.e.StandardJMeterEngine: Starting 50 threads for group Load.
2026-02-23 21:48:00,833 INFO o.a.j.e.StandardJMeterEngine: Thread will continue on error
2026-02-23 21:48:00,833 INFO o.a.j.t.ThreadGroup: Starting thread group... number=1 threads=50 ramp-up=10 delayedStart=false
2026-02-23 21:48:00,837 INFO o.a.j.t.JMeterThread: Thread started: Load 1-1
2026-02-23 21:48:00,852 INFO o.a.j.p.h.s.HTTPHCAbstractImpl: Local host = DESKTOP-VP5B23G
2026-02-23 21:48:00,858 INFO o.a.j.p.h.s.HTTPHC4Impl: HTTP request retry count = 0
2026-02-23 21:48:00,859 INFO o.a.j.s.SampleResult: Note: Sample TimeStamps are START times
2026-02-23 21:48:00,859 INFO o.a.j.s.SampleResult: sampleresult.default.encoding is set to UTF-8
2026-02-23 21:48:00,859 INFO o.a.j.s.SampleResult: sampleresult.useNanoTime=true
2026-02-23 21:48:00,859 INFO o.a.j.s.SampleResult: sampleresult.nanoThreadSleep=5000
2026-02-23 21:48:00,872 INFO o.a.j.t.ThreadGroup: Started thread group number 1
2026-02-23 21:48:00,872 INFO o.a.j.e.StandardJMeterEngine: All thread groups have been started
2026-02-23 21:48:00,954 INFO o.a.j.r.Summariser: summary +      1 in 00:00:00 =    7.2/s Avg:    43 Min:    43 Max:    43 Err:     0 (0.00%) Active: 1 Started: 1 Finished: 0
2026-02-23 21:48:01,035 INFO o.a.j.t.JMeterThread: Thread started: Load 1-2
2026-02-23 21:48:01,234 INFO o.a.j.t.JMeterThread: Thread started: Load 1-3
2026-02-23 21:48:01,436 INFO o.a.j.t.JMeterThread: Thread started: Load 1-4
2026-02-23 21:48:01,634 INFO o.a.j.t.JMeterThread: Thread started: Load 1-5
2026-02-23 21:48:01,834 INFO o.a.j.t.JMeterThread: Thread started: Load 1-6
2026-02-23 21:48:02,034 INFO o.a.j.t.JMeterThread: Thread started: Load 1-7
2026-02-23 21:48:02,234 INFO o.a.j.t.JMeterThread: Thread started: Load 1-8
2026-02-23 21:48:02,435 INFO o.a.j.t.JMeterThread: Thread started: Load 1-9
2026-02-23 21:48:02,635 INFO o.a.j.t.JMeterThread: Thread started: Load 1-10
2026-02-23 21:48:02,835 INFO o.a.j.t.JMeterThread: Thread started: Load 1-11
2026-02-23 21:48:03,036 INFO o.a.j.t.JMeterThread: Thread started: Load 1-12
2026-02-23 21:48:03,235 INFO o.a.j.t.JMeterThread: Thread started: Load 1-13
2026-02-23 21:48:03,436 INFO o.a.j.t.JMeterThread: Thread started: Load 1-14
2026-02-23 21:48:03,634 INFO o.a.j.t.JMeterThread: Thread started: Load 1-15
2026-02-23 21:48:03,834 INFO o.a.j.t.JMeterThread: Thread started: Load 1-16
2026-02-23 21:48:04,037 INFO o.a.j.t.JMeterThread: Thread started: Load 1-17
2026-02-23 21:48:04,233 INFO o.a.j.t.JMeterThread: Thread started: Load 1-18
2026-02-23 21:48:04,434 INFO o.a.j.t.JMeterThread: Thread started: Load 1-19
2026-02-23 21:48:04,634 INFO o.a.j.t.JMeterThread: Thread started: Load 1-20
2026-02-23 21:48:04,834 INFO o.a.j.t.JMeterThread: Thread started: Load 1-21
2026-02-23 21:48:05,034 INFO o.a.j.t.JMeterThread: Thread started: Load 1-22
2026-02-23 21:48:05,235 INFO o.a.j.t.JMeterThread: Thread started: Load 1-23
2026-02-23 21:48:05,434 INFO o.a.j.t.JMeterThread: Thread started: Load 1-24
2026-02-23 21:48:05,635 INFO o.a.j.t.JMeterThread: Thread started: Load 1-25
2026-02-23 21:48:05,834 INFO o.a.j.t.JMeterThread: Thread started: Load 1-26
2026-02-23 21:48:06,034 INFO o.a.j.t.JMeterThread: Thread started: Load 1-27
2026-02-23 21:48:06,235 INFO o.a.j.t.JMeterThread: Thread started: Load 1-28
2026-02-23 21:48:06,437 INFO o.a.j.t.JMeterThread: Thread started: Load 1-29
2026-02-23 21:48:06,634 INFO o.a.j.t.JMeterThread: Thread started: Load 1-30
2026-02-23 21:48:06,835 INFO o.a.j.t.JMeterThread: Thread started: Load 1-31
2026-02-23 21:48:07,035 INFO o.a.j.t.JMeterThread: Thread started: Load 1-32
2026-02-23 21:48:07,234 INFO o.a.j.t.JMeterThread: Thread started: Load 1-33
2026-02-23 21:48:07,435 INFO o.a.j.t.JMeterThread: Thread started: Load 1-34
2026-02-23 21:48:07,635 INFO o.a.j.t.JMeterThread: Thread started: Load 1-35
2026-02-23 21:48:07,834 INFO o.a.j.t.JMeterThread: Thread started: Load 1-36
2026-02-23 21:48:08,034 INFO o.a.j.t.JMeterThread: Thread started: Load 1-37
2026-02-23 21:48:08,233 INFO o.a.j.t.JMeterThread: Thread started: Load 1-38
2026-02-23 21:48:08,435 INFO o.a.j.t.JMeterThread: Thread started: Load 1-39
2026-02-23 21:48:08,635 INFO o.a.j.t.JMeterThread: Thread started: Load 1-40
2026-02-23 21:48:08,834 INFO o.a.j.t.JMeterThread: Thread started: Load 1-41
2026-02-23 21:48:09,035 INFO o.a.j.t.JMeterThread: Thread started: Load 1-42
2026-02-23 21:48:09,233 INFO o.a.j.t.JMeterThread: Thread started: Load 1-43
2026-02-23 21:48:09,434 INFO o.a.j.t.JMeterThread: Thread started: Load 1-44
2026-02-23 21:48:09,634 INFO o.a.j.t.JMeterThread: Thread started: Load 1-45
2026-02-23 21:48:09,833 INFO o.a.j.t.JMeterThread: Thread started: Load 1-46
2026-02-23 21:48:10,034 INFO o.a.j.t.JMeterThread: Thread started: Load 1-47
2026-02-23 21:48:10,234 INFO o.a.j.t.JMeterThread: Thread started: Load 1-48
2026-02-23 21:48:10,433 INFO o.a.j.t.JMeterThread: Thread started: Load 1-49
2026-02-23 21:48:10,635 INFO o.a.j.t.JMeterThread: Thread started: Load 1-50
2026-02-23 21:48:30,023 INFO o.a.j.r.Summariser: summary +   2422 in 00:00:29 =   83.3/s Avg:   495 Min:    22 Max:   985 Err:     0 (0.00%) Active: 50 Started: 50 Finished: 0
2026-02-23 21:48:30,024 INFO o.a.j.r.Summariser: summary =   2423 in 00:00:29 =   83.0/s Avg:   494 Min:    22 Max:   985 Err:     0 (0.00%)
2026-02-23 21:49:00,003 INFO o.a.j.r.Summariser: summary +   2535 in 00:00:30 =   84.6/s Avg:   591 Min:   268 Max:  1184 Err:     0 (0.00%) Active: 50 Started: 50 Finished: 0
2026-02-23 21:49:00,004 INFO o.a.j.r.Summariser: summary =   4958 in 00:00:59 =   83.8/s Avg:   544 Min:    22 Max:  1184 Err:     0 (0.00%)
2026-02-23 21:49:00,891 INFO o.a.j.t.JMeterThread: Stopping because end time detected by thread: Load 1-38
2026-02-23 21:49:00,892 INFO o.a.j.t.JMeterThread: Thread finished: Load 1-38
2026-02-23 21:49:00,923 INFO o.a.j.t.JMeterThread: Stopping because end time detected by thread: Load 1-13
2026-02-23 21:49:00,923 INFO o.a.j.t.JMeterThread: Thread finished: Load 1-13
2026-02-23 21:49:00,943 INFO o.a.j.t.JMeterThread: Stopping because end time detected by thread: Load 1-9
2026-02-23 21:49:00,943 INFO o.a.j.t.JMeterThread: Thread finished: Load 1-9
2026-02-23 21:49:00,948 INFO o.a.j.t.JMeterThread: Stopping because end time detected by thread: Load 1-37
2026-02-23 21:49:00,949 INFO o.a.j.t.JMeterThread: Thread finished: Load 1-37
2026-02-23 21:49:00,963 INFO o.a.j.t.JMeterThread: Stopping because end time detected by thread: Load 1-4
2026-02-23 21:49:00,964 INFO o.a.j.t.JMeterThread: Thread finished: Load 1-4
2026-02-23 21:49:00,971 INFO o.a.j.t.JMeterThread: Stopping because end time detected by thread: Load 1-5
2026-02-23 21:49:00,971 INFO o.a.j.t.JMeterThread: Thread finished: Load 1-5
2026-02-23 21:49:00,995 INFO o.a.j.t.JMeterThread: Stopping because end time detected by thread: Load 1-8
2026-02-23 21:49:00,995 INFO o.a.j.t.JMeterThread: Thread finished: Load 1-8
2026-02-23 21:49:01,002 INFO o.a.j.t.JMeterThread: Stopping because end time detected by thread: Load 1-49
2026-02-23 21:49:01,003 INFO o.a.j.t.JMeterThread: Thread finished: Load 1-49
2026-02-23 21:49:01,003 INFO o.a.j.t.JMeterThread: Stopping because end time detected by thread: Load 1-28
2026-02-23 21:49:01,003 INFO o.a.j.t.JMeterThread: Thread finished: Load 1-28
2026-02-23 21:49:01,019 INFO o.a.j.t.JMeterThread: Stopping because end time detected by thread: Load 1-6
2026-02-23 21:49:01,019 INFO o.a.j.t.JMeterThread: Thread finished: Load 1-6
2026-02-23 21:49:01,034 INFO o.a.j.t.JMeterThread: Stopping because end time detected by thread: Load 1-7
2026-02-23 21:49:01,035 INFO o.a.j.t.JMeterThread: Thread finished: Load 1-7
2026-02-23 21:49:01,046 INFO o.a.j.t.JMeterThread: Stopping because end time detected by thread: Load 1-33
2026-02-23 21:49:01,047 INFO o.a.j.t.JMeterThread: Thread finished: Load 1-33
2026-02-23 21:49:01,097 INFO o.a.j.t.JMeterThread: Stopping because end time detected by thread: Load 1-45
2026-02-23 21:49:01,097 INFO o.a.j.t.JMeterThread: Thread finished: Load 1-45
2026-02-23 21:49:01,134 INFO o.a.j.t.JMeterThread: Stopping because end time detected by thread: Load 1-41
2026-02-23 21:49:01,135 INFO o.a.j.t.JMeterThread: Thread finished: Load 1-41
2026-02-23 21:49:01,136 INFO o.a.j.t.JMeterThread: Stopping because end time detected by thread: Load 1-47
2026-02-23 21:49:01,136 INFO o.a.j.t.JMeterThread: Thread finished: Load 1-47
2026-02-23 21:49:01,152 INFO o.a.j.t.JMeterThread: Stopping because end time detected by thread: Load 1-43
2026-02-23 21:49:01,152 INFO o.a.j.t.JMeterThread: Thread finished: Load 1-43
2026-02-23 21:49:01,158 INFO o.a.j.t.JMeterThread: Stopping because end time detected by thread: Load 1-17
2026-02-23 21:49:01,159 INFO o.a.j.t.JMeterThread: Thread finished: Load 1-17
2026-02-23 21:49:01,187 INFO o.a.j.t.JMeterThread: Stopping because end time detected by thread: Load 1-20
2026-02-23 21:49:01,187 INFO o.a.j.t.JMeterThread: Thread finished: Load 1-20
2026-02-23 21:49:01,218 INFO o.a.j.t.JMeterThread: Stopping because end time detected by thread: Load 1-16
2026-02-23 21:49:01,219 INFO o.a.j.t.JMeterThread: Thread finished: Load 1-16
2026-02-23 21:49:01,220 INFO o.a.j.t.JMeterThread: Stopping because end time detected by thread: Load 1-23
2026-02-23 21:49:01,221 INFO o.a.j.t.JMeterThread: Thread finished: Load 1-23
2026-02-23 21:49:01,231 INFO o.a.j.t.JMeterThread: Stopping because end time detected by thread: Load 1-29
2026-02-23 21:49:01,231 INFO o.a.j.t.JMeterThread: Thread finished: Load 1-29
2026-02-23 21:49:01,238 INFO o.a.j.t.JMeterThread: Stopping because end time detected by thread: Load 1-48
2026-02-23 21:49:01,238 INFO o.a.j.t.JMeterThread: Stopping because end time detected by thread: Load 1-35
2026-02-23 21:49:01,239 INFO o.a.j.t.JMeterThread: Thread finished: Load 1-48
2026-02-23 21:49:01,239 INFO o.a.j.t.JMeterThread: Thread finished: Load 1-35
2026-02-23 21:49:01,266 INFO o.a.j.t.JMeterThread: Stopping because end time detected by thread: Load 1-10
2026-02-23 21:49:01,267 INFO o.a.j.t.JMeterThread: Thread finished: Load 1-10
2026-02-23 21:49:01,272 INFO o.a.j.t.JMeterThread: Stopping because end time detected by thread: Load 1-24
2026-02-23 21:49:01,272 INFO o.a.j.t.JMeterThread: Thread finished: Load 1-24
2026-02-23 21:49:01,272 INFO o.a.j.t.JMeterThread: Stopping because end time detected by thread: Load 1-44
2026-02-23 21:49:01,273 INFO o.a.j.t.JMeterThread: Thread finished: Load 1-44
2026-02-23 21:49:01,279 INFO o.a.j.t.JMeterThread: Stopping because end time detected by thread: Load 1-22
2026-02-23 21:49:01,280 INFO o.a.j.t.JMeterThread: Thread finished: Load 1-22
2026-02-23 21:49:01,296 INFO o.a.j.t.JMeterThread: Stopping because end time detected by thread: Load 1-19
2026-02-23 21:49:01,297 INFO o.a.j.t.JMeterThread: Thread finished: Load 1-19
2026-02-23 21:49:01,310 INFO o.a.j.t.JMeterThread: Stopping because end time detected by thread: Load 1-32
2026-02-23 21:49:01,310 INFO o.a.j.t.JMeterThread: Thread finished: Load 1-32
2026-02-23 21:49:01,335 INFO o.a.j.t.JMeterThread: Stopping because end time detected by thread: Load 1-3
2026-02-23 21:49:01,335 INFO o.a.j.t.JMeterThread: Thread finished: Load 1-3
2026-02-23 21:49:01,358 INFO o.a.j.t.JMeterThread: Stopping because end time detected by thread: Load 1-18
2026-02-23 21:49:01,359 INFO o.a.j.t.JMeterThread: Thread finished: Load 1-18
2026-02-23 21:49:01,362 INFO o.a.j.t.JMeterThread: Stopping because end time detected by thread: Load 1-40
2026-02-23 21:49:01,363 INFO o.a.j.t.JMeterThread: Thread finished: Load 1-40
2026-02-23 21:49:01,391 INFO o.a.j.t.JMeterThread: Stopping because end time detected by thread: Load 1-12
2026-02-23 21:49:01,391 INFO o.a.j.t.JMeterThread: Thread finished: Load 1-12
2026-02-23 21:49:01,407 INFO o.a.j.t.JMeterThread: Stopping because end time detected by thread: Load 1-15
2026-02-23 21:49:01,407 INFO o.a.j.t.JMeterThread: Thread finished: Load 1-15
2026-02-23 21:49:01,410 INFO o.a.j.t.JMeterThread: Stopping because end time detected by thread: Load 1-25
2026-02-23 21:49:01,410 INFO o.a.j.t.JMeterThread: Stopping because end time detected by thread: Load 1-46
2026-02-23 21:49:01,411 INFO o.a.j.t.JMeterThread: Thread finished: Load 1-25
2026-02-23 21:49:01,411 INFO o.a.j.t.JMeterThread: Thread finished: Load 1-46
2026-02-23 21:49:01,423 INFO o.a.j.t.JMeterThread: Stopping because end time detected by thread: Load 1-2
2026-02-23 21:49:01,423 INFO o.a.j.t.JMeterThread: Thread finished: Load 1-2
2026-02-23 21:49:01,427 INFO o.a.j.t.JMeterThread: Stopping because end time detected by thread: Load 1-36
2026-02-23 21:49:01,427 INFO o.a.j.t.JMeterThread: Thread finished: Load 1-36
2026-02-23 21:49:01,438 INFO o.a.j.t.JMeterThread: Stopping because end time detected by thread: Load 1-34
2026-02-23 21:49:01,438 INFO o.a.j.t.JMeterThread: Stopping because end time detected by thread: Load 1-14
2026-02-23 21:49:01,439 INFO o.a.j.t.JMeterThread: Thread finished: Load 1-34
2026-02-23 21:49:01,439 INFO o.a.j.t.JMeterThread: Thread finished: Load 1-14
2026-02-23 21:49:01,442 INFO o.a.j.t.JMeterThread: Stopping because end time detected by thread: Load 1-30
2026-02-23 21:49:01,443 INFO o.a.j.t.JMeterThread: Thread finished: Load 1-30
2026-02-23 21:49:01,463 INFO o.a.j.t.JMeterThread: Stopping because end time detected by thread: Load 1-42
2026-02-23 21:49:01,463 INFO o.a.j.t.JMeterThread: Stopping because end time detected by thread: Load 1-39
2026-02-23 21:49:01,463 INFO o.a.j.t.JMeterThread: Stopping because end time detected by thread: Load 1-27
2026-02-23 21:49:01,463 INFO o.a.j.t.JMeterThread: Thread finished: Load 1-42
2026-02-23 21:49:01,463 INFO o.a.j.t.JMeterThread: Thread finished: Load 1-39
2026-02-23 21:49:01,463 INFO o.a.j.t.JMeterThread: Thread finished: Load 1-27
2026-02-23 21:49:01,466 INFO o.a.j.t.JMeterThread: Stopping because end time detected by thread: Load 1-11
2026-02-23 21:49:01,467 INFO o.a.j.t.JMeterThread: Stopping because end time detected by thread: Load 1-26
2026-02-23 21:49:01,467 INFO o.a.j.t.JMeterThread: Thread finished: Load 1-11
2026-02-23 21:49:01,467 INFO o.a.j.t.JMeterThread: Thread finished: Load 1-26
2026-02-23 21:49:01,470 INFO o.a.j.t.JMeterThread: Stopping because end time detected by thread: Load 1-31
2026-02-23 21:49:01,471 INFO o.a.j.t.JMeterThread: Thread finished: Load 1-31
2026-02-23 21:49:01,478 INFO o.a.j.t.JMeterThread: Stopping because end time detected by thread: Load 1-50
2026-02-23 21:49:01,479 INFO o.a.j.t.JMeterThread: Thread finished: Load 1-50
2026-02-23 21:49:01,486 INFO o.a.j.t.JMeterThread: Stopping because end time detected by thread: Load 1-21
2026-02-23 21:49:01,486 INFO o.a.j.t.JMeterThread: Stopping because end time detected by thread: Load 1-1
2026-02-23 21:49:01,487 INFO o.a.j.t.JMeterThread: Thread finished: Load 1-21
2026-02-23 21:49:01,487 INFO o.a.j.t.JMeterThread: Thread finished: Load 1-1
2026-02-23 21:49:01,487 INFO o.a.j.e.StandardJMeterEngine: Notifying test listeners of end of test
2026-02-23 21:49:01,489 INFO o.a.j.r.Summariser: summary +    109 in 00:00:01 =   73.4/s Avg:   710 Min:   464 Max:  1005 Err:     0 (0.00%) Active: 0 Started: 50 Finished: 50
2026-02-23 21:49:01,489 INFO o.a.j.r.Summariser: summary =   5067 in 00:01:01 =   83.5/s Avg:   547 Min:    22 Max:  1184 Err:     0 (0.00%)
2026-02-23 21:49:01,490 INFO o.a.j.JMeter: Generating Dashboard
2026-02-23 21:49:01,490 INFO o.a.j.r.d.ReportGenerator: Flushing result collector before report Generation
2026-02-23 21:49:01,505 INFO o.a.j.r.p.NormalizerSampleConsumer: Using format, 'ms', to parse timeStamp field
2026-02-23 21:49:01,832 INFO o.a.j.r.p.AbstractSampleConsumer: class org.apache.jmeter.report.processor.AggregateConsumer#stopProducing(): beginDate produced 0 samples
2026-02-23 21:49:01,832 INFO o.a.j.r.p.AbstractSampleConsumer: class org.apache.jmeter.report.processor.AggregateConsumer#stopProducing(): endDate produced 0 samples
2026-02-23 21:49:01,835 INFO o.a.j.r.p.AbstractSampleConsumer: class org.apache.jmeter.report.processor.ApdexSummaryConsumer#stopProducing(): apdexSummary produced 0 samples
2026-02-23 21:49:01,835 INFO o.a.j.r.p.AbstractSampleConsumer: class org.apache.jmeter.report.processor.RequestsSummaryConsumer#stopProducing(): requestsSummary produced 0 samples
2026-02-23 21:49:01,843 INFO o.a.j.r.p.AbstractSampleConsumer: class org.apache.jmeter.report.processor.StatisticsSummaryConsumer#stopProducing(): statisticsSummary produced 0 samples
2026-02-23 21:49:01,845 INFO o.a.j.r.p.AbstractSampleConsumer: class org.apache.jmeter.report.processor.Top5ErrorsBySamplerConsumer#stopProducing(): top5ErrorsBySampler produced 0 samples
2026-02-23 21:49:01,846 INFO o.a.j.r.p.AbstractSampleConsumer: class org.apache.jmeter.report.processor.ErrorsSummaryConsumer#stopProducing(): errorsSummary produced 0 samples
2026-02-23 21:49:01,846 INFO o.a.j.r.p.AbstractSampleConsumer: class org.apache.jmeter.report.processor.graph.impl.HitsPerSecondGraphConsumer#stopProducing(): hitsPerSecond produced 0 samples
2026-02-23 21:49:01,936 INFO o.a.j.r.p.AbstractSampleConsumer: class org.apache.jmeter.report.processor.graph.impl.LatencyVSRequestGraphConsumer#stopProducing(): latencyVsRequest produced 0 samples
2026-02-23 21:49:01,939 INFO o.a.j.r.p.AbstractSampleConsumer: class org.apache.jmeter.report.processor.graph.impl.SyntheticResponseTimeDistributionGraphConsumer#stopProducing(): syntheticResponseTimeDistribution produced 0 samples
2026-02-23 21:49:01,939 INFO o.a.j.r.p.AbstractSampleConsumer: class org.apache.jmeter.report.processor.graph.impl.BytesThroughputGraphConsumer#stopProducing(): bytesThroughputOverTime produced 0 samples
2026-02-23 21:49:01,940 INFO o.a.j.r.p.AbstractSampleConsumer: class org.apache.jmeter.report.processor.graph.impl.CodesPerSecondGraphConsumer#stopProducing(): codesPerSecond produced 0 samples
2026-02-23 21:49:01,990 INFO o.a.j.r.p.AbstractSampleConsumer: class org.apache.jmeter.report.processor.graph.impl.ResponseTimeVSRequestGraphConsumer#stopProducing(): responseTimeVsRequest produced 0 samples
2026-02-23 21:49:01,992 INFO o.a.j.r.p.AbstractSampleConsumer: class org.apache.jmeter.report.processor.FilterConsumer#stopProducing(): startIntervalControlerFilter produced 35469 samples
2026-02-23 21:49:01,992 INFO o.a.j.r.p.AbstractSampleConsumer: class org.apache.jmeter.report.processor.graph.impl.TotalTPSGraphConsumer#stopProducing(): totalTPS produced 0 samples
2026-02-23 21:49:01,992 INFO o.a.j.r.p.AbstractSampleConsumer: class org.apache.jmeter.report.processor.graph.impl.ActiveThreadsGraphConsumer#stopProducing(): activeThreadsOverTime produced 0 samples
2026-02-23 21:49:01,992 INFO o.a.j.r.p.AbstractSampleConsumer: class org.apache.jmeter.report.processor.graph.impl.TimeVSThreadGraphConsumer#stopProducing(): timeVsThreads produced 0 samples
2026-02-23 21:49:01,992 INFO o.a.j.r.p.AbstractSampleConsumer: class org.apache.jmeter.report.processor.graph.impl.ResponseTimeDistributionGraphConsumer#stopProducing(): responseTimeDistribution produced 0 samples
2026-02-23 21:49:01,992 INFO o.a.j.r.p.AbstractSampleConsumer: class org.apache.jmeter.report.processor.graph.impl.TransactionsPerSecondGraphConsumer#stopProducing(): transactionsPerSecond produced 0 samples
2026-02-23 21:49:01,993 INFO o.a.j.r.p.AbstractSampleConsumer: class org.apache.jmeter.report.processor.graph.impl.ResponseTimePercentilesGraphConsumer#stopProducing(): responseTimePercentiles produced 0 samples
2026-02-23 21:49:01,997 INFO o.a.j.r.p.AbstractSampleConsumer: class org.apache.jmeter.report.processor.graph.impl.ResponseTimePercentilesOverTimeGraphConsumer#stopProducing(): responseTimePercentilesOverTime produced 0 samples
2026-02-23 21:49:01,999 INFO o.a.j.r.p.AbstractSampleConsumer: class org.apache.jmeter.report.processor.graph.impl.ResponseTimeOverTimeGraphConsumer#stopProducing(): responseTimesOverTime produced 0 samples
2026-02-23 21:49:01,999 INFO o.a.j.r.p.AbstractSampleConsumer: class org.apache.jmeter.report.processor.graph.impl.ConnectTimeOverTimeGraphConsumer#stopProducing(): connectTimeOverTime produced 0 samples
2026-02-23 21:49:01,999 INFO o.a.j.r.p.AbstractSampleConsumer: class org.apache.jmeter.report.processor.graph.impl.LatencyOverTimeGraphConsumer#stopProducing(): latenciesOverTime produced 0 samples
2026-02-23 21:49:01,999 INFO o.a.j.r.p.AbstractSampleConsumer: class org.apache.jmeter.report.processor.FilterConsumer#stopProducing(): nameFilter produced 76005 samples
2026-02-23 21:49:01,999 INFO o.a.j.r.p.AbstractSampleConsumer: class org.apache.jmeter.report.processor.FilterConsumer#stopProducing(): dateRangeFilter produced 15201 samples
2026-02-23 21:49:01,999 INFO o.a.j.r.p.AbstractSampleConsumer: class org.apache.jmeter.report.processor.NormalizerSampleConsumer#stopProducing(): normalizer produced 5067 samples
2026-02-23 21:49:02,000 INFO o.a.j.r.p.CsvFileSampleSource: produce(): 5067 samples produced in 463ms on channel 0
2026-02-23 21:49:02,000 INFO o.a.j.r.d.ReportGenerator: Exporting data using exporter:'json' of className:'org.apache.jmeter.report.dashboard.JsonExporter'
2026-02-23 21:49:02,084 INFO o.a.j.r.d.JsonExporter: Found data for consumer statisticsSummary in context
2026-02-23 21:49:02,084 INFO o.a.j.r.d.JsonExporter: Creating statistics for overall
2026-02-23 21:49:02,085 INFO o.a.j.r.d.JsonExporter: Creating statistics for other transactions
2026-02-23 21:49:02,087 INFO o.a.j.r.d.JsonExporter: Checking output folder
2026-02-23 21:49:02,088 INFO o.a.j.r.d.JsonExporter: Writing statistics JSON to /home/debian/misw4401-2026-11-diseño-de-sistemas-iot/entregas/semana05/jmeter/reporte_ts/statistics.json
2026-02-23 21:49:02,138 INFO o.a.j.r.d.ReportGenerator: Exporting data using exporter:'html' of className:'org.apache.jmeter.report.dashboard.HtmlTemplateExporter'
2026-02-23 21:49:02,140 INFO o.a.j.r.d.HtmlTemplateExporter: Will generate dashboard in folder: /home/debian/misw4401-2026-11-diseño-de-sistemas-iot/entregas/semana05/jmeter/reporte_ts
2026-02-23 21:49:02,271 INFO o.a.j.r.d.HtmlTemplateExporter: Report will be generated in: /home/debian/misw4401-2026-11-diseño-de-sistemas-iot/entregas/semana05/jmeter/reporte_ts, creating folder structure
2026-02-23 21:49:02,273 INFO o.a.j.r.d.TemplateVisitor: Copying folder from '/home/debian/apache-jmeter-5.6.3/bin/report-template' to '/home/debian/misw4401-2026-11-diseño-de-sistemas-iot/entregas/semana05/jmeter/reporte_ts', got message: /home/debian/misw4401-2026-11-diseño-de-sistemas-iot/entregas/semana05/jmeter/reporte_ts, found non empty folder with following content [/home/debian/misw4401-2026-11-diseño-de-sistemas-iot/entregas/semana05/jmeter/reporte_ts/statistics.json], will be ignored
2026-02-23 21:49:02,472 INFO o.a.j.JMeter: Dashboard generated
